~/workspace$ rm -rf .github/
~/workspace$ git pull
remote: Enumerating objects: 6, done.
remote: Counting objects: 100% (6/6), done.
remote: Compressing objects: 100% (2/2), done.
remote: Total 5 (delta 1), reused 4 (delta 1), pack-reused 0 (from 0)
Unpacking objects: 100% (5/5), 1.31 KiB | 66.00 KiB/s, done.
From https://github.com/vescera-hotel/rooms
   9c4dbc2..1fed47c  main       -> origin/main
hint: You have divergent branches and need to specify how to reconcile them.
hint: You can do so by running one of the following commands sometime before
hint: your next pull:
hint:
hint:   git config pull.rebase false  # merge
hint:   git config pull.rebase true   # rebase
hint:   git config pull.ff only       # fast-forward only
hint:
hint: You can replace "git config" with "git config --global" to set a default
hint: preference for all repositories. You can also pass --rebase, --no-rebase,
hint: or --ff-only on the command line to override the configured default per
hint: invocation.
fatal: Need to specify how to reconcile divergent branches.
~/workspace$ git add public/index.html
~/workspace$ git commit -m "fix: relative image paths for GitHub Pages"
On branch main
Your branch and 'origin/main' have diverged,
and have 2 and 1 different commits each, respectively.

Changes not staged for commit:
  (use "git add/rm <file>..." to update what will be committed)
  (use "git restore <file>..." to discard changes in working directory)
    deleted:    .github/workflows/deploy.yml

no changes added to commit (use "git add" and/or "git commit -a")
~/workspace$ git push
To https://github.com/vescera-hotel/rooms.git
 ! [rejected]        main -> main (non-fast-forward)
error: failed to push some refs to 'https://github.com/vescera-hotel/rooms.git'
hint: Updates were rejected because the tip of your current branch is behind
hint: its remote counterpart. If you want to integrate the remote changes,
hint: use 'git pull' before pushing again.
hint: See the 'Note about fast-forwards' in 'git push --help' for details